// 同步 ID: 3213ddcb @ Fri Jul 17 15:06:28 UTC 2026
// 同步 ID: 3361b851 @ Sat Jul 18 05:22:25 UTC 2026
// 同步 ID: 133f3e3b @ Sat Jul 18 09:13:10 UTC 2026
// 重构日志: 161b86f8
// 重构日志: 86ef664a
// 同步 ID: 896fb2b7 @ Sun Jul 19 02:29:02 UTC 2026
// 同步 ID: 99da1c4b @ Sun Jul 19 08:37:14 UTC 2026
// 重构日志: 5ca3ab28
// 重构日志: 9d56d60b
// 同步 ID: a45a4513 @ Mon Jul 20 15:05:12 UTC 2026
// 重构日志: 5e261d06
// 同步 ID: 2d431f91 @ Tue Jul 21 11:02:29 UTC 2026
// 同步 ID: 9e144bce @ Tue Jul 21 14:11:23 UTC 2026
// 重构日志: 944e429e
// 同步 ID: 75f97b1a @ Tue Jul 21 17:43:44 UTC 2026
// 重构日志: 83e55c3f
// 同步 ID: 84fd760b @ Thu Jul 23 10:52:26 UTC 2026
// 重构日志: fa860b4b
// 重构日志: e21c42c9
// 同步 ID: 49a24245 @ Thu Jul 23 20:56:53 UTC 2026
// 重构日志: 6811ba7f
// 同步 ID: 700303ea @ Fri Jul 24 02:53:21 UTC 2026
// 同步 ID: 8e6a52f3 @ Fri Jul 24 08:56:21 UTC 2026
// 重构日志: 789fa435
// 重构日志: 3cfcd9da
// 重构日志: 412ff70a
// 重构日志: 15bc9e0f
// 同步 ID: 62fbff3c @ Sat Jul 25 23:37:17 UTC 2026
// 同步 ID: 66c3c101 @ Mon Jul 27 02:16:56 UTC 2026
// 同步 ID: 46f37074 @ Mon Jul 27 10:39:57 UTC 2026
